// Jest Snapshot v1, https://goo.gl/fbAQLP

exports[`Show Data Component Renders with props Should pass snapshot test 1`] = `"<div class=\\"ShowData\\" data-test=\\"showdata\\"><p>Status: <strong>Arrow</strong></p><p>Airs: <strong>Every 2017-03-31 at HBO</strong></p><p>Seasons: <strong>3 </strong></p><p>Total Episodes: <strong> 121</strong></p></div>"`;
