// Jest Snapshot v1, https://goo.gl/fbAQLP

exports[`SearchInput Component Renders with props Should pass snapshot test 1`] = `"<div data-test=\\"search-input\\"><div class=\\"input-group mb-3\\"><input type=\\"search\\" class=\\"form-control\\" value=\\"String\\" placeholder=\\"Find your favorite shows\\" aria-label=\\"Search Input\\"/><div class=\\"input-group-append\\" data-test=\\"search-btn\\"><button class=\\"btn btn-primary\\" type=\\"submit\\" aria-label=\\"Search Button\\"><i class=\\"fas fa-search\\"></i> Search</button></div></div><div data-test=\\"search-suggestions\\"><div class=\\"Search-suggestions\\" style=\\"background-color:rgb(232, 232, 232);font-weight:normal\\">1</div><div class=\\"Search-suggestions\\" style=\\"background-color:#f9f9f9;font-weight:normal\\">2</div><div class=\\"Search-suggestions\\" style=\\"background-color:#f9f9f9;font-weight:normal\\">3</div><div class=\\"Search-suggestions\\" style=\\"background-color:#f9f9f9;font-weight:normal\\">4</div></div></div>"`;
