// Jest Snapshot v1, https://goo.gl/fbAQLP

exports[`SearchBtn Component Should pass snapshot test 1`] = `"<div class=\\"input-group-append\\" data-test=\\"search-btn\\"><button class=\\"btn btn-primary\\" type=\\"submit\\" aria-label=\\"Search Button\\"><i class=\\"fas fa-search\\"></i> Search</button></div>"`;
